../Src/main.c:33:5:main	8	static
../Src/main.c:188:6:loop_test_one_porta	8	static
../Src/main.c:280:6:loop_test_two_porta	8	static
../Src/main.c:359:6:loop_test_three_porta	8	static
../Src/main.c:438:6:loop_test_four_porta	8	static
../Src/main.c:518:6:music_routine_001	16	static
../Src/main.c:547:6:inc_rev_a1	8	static
../Src/main.c:555:6:inc_fwd_a0	8	static
../Src/main.c:562:6:loop_test_porta_clear	8	static
../Src/main.c:567:6:my_delay_longest	16	static
../Src/main.c:573:6:my_delay_longer	16	static
../Src/main.c:579:6:my_delay_long	16	static
../Src/main.c:585:6:my_delay_medium	16	static
../Src/main.c:591:6:my_delay_short	16	static
../Src/main.c:597:6:my_delay_shorter	16	static
../Src/main.c:603:6:my_delay_shortest	16	static
