../Src/main.c:25:5:main	8	static
../Src/main.c:180:6:loop_test_one_porta	8	static
../Src/main.c:264:6:loop_test_two_porta	8	static
../Src/main.c:335:6:loop_test_three_porta	8	static
../Src/main.c:405:6:loop_test_four_porta	8	static
../Src/main.c:474:6:music_routine_001	16	static
../Src/main.c:503:6:inc_rev_a1	8	static
../Src/main.c:511:6:inc_fwd_a0	8	static
../Src/main.c:518:6:loop_test_porta_clear	8	static
../Src/main.c:523:6:my_delay_longer	16	static
../Src/main.c:529:6:my_delay_long	16	static
../Src/main.c:535:6:my_delay_medium	16	static
../Src/main.c:541:6:my_delay_short	16	static
../Src/main.c:547:6:my_delay_shorter	16	static
../Src/main.c:553:6:my_delay_shortest	16	static
